   Γû▓ Next.js 15.2.1

   Creating an optimized production build ...
 Γ£ô Compiled successfully
   Linting and checking validity of types ...
It looks like you're trying to use TypeScript but do not have the required package(s) installed.
Installing dependencies

If you are not trying to use TypeScript, please remove the tsconfig.json file from your package root (and any TypeScript files in your app and pages directories).


Installing devDependencies (npm):
- typescript


up to date, audited 120 packages in 6s

28 packages are looking for funding
  run `npm fund` for details

3 vulnerabilities (2 high, 1 critical)

To address all issues, run:
  npm audit fix

Run `npm audit` for details.

node.exe : The "id" argument must be of type string. Received undefined
At line:1 char:1
+ & "C:\nodejs/node.exe" "C:\nodejs/node_modules/npm/bin/npx-cli.js" ne ...
+ ~~~~~~~~~~~~~~~~~~~~~~~~~~~~~~~~~~~~~~~~~~~~~~~~~~~~~~~~~~~~~~~~~~~~~
    + CategoryInfo          : NotSpecified: (The "id" argume...eived undefined:String) [], RemoteException
    + FullyQualifiedErrorId : NativeCommandError
 
Next.js build worker exited with code: 1 and signal: null
